// Jest Snapshot v1, https://goo.gl/fbAQLP

exports[`Pruebas en el componentes <GifItem /> deberia hacer match con el snapshot 1`] = `
<div>
  <div
    class="card"
  >
    <img
      alt="Valorant"
      src="https://valorant.com.co"
    />
    <p>
      Valorant
    </p>
  </div>
</div>
`;
